../Drivers/STM32F4xx_HAL_Driver/Src/stm32f4xx_ll_utils.c:339:13:LL_SetFlashLatency.part.0	0	static
../Drivers/STM32F4xx_HAL_Driver/Src/stm32f4xx_ll_utils.c:682:20:UTILS_EnablePLLAndSwitchSystem	24	static
../Drivers/STM32F4xx_HAL_Driver/Src/stm32f4xx_ll_utils.c:258:6:LL_Init1msTick	0	static
../Drivers/STM32F4xx_HAL_Driver/Src/stm32f4xx_ll_utils.c:274:6:LL_mDelay	8	static
../Drivers/STM32F4xx_HAL_Driver/Src/stm32f4xx_ll_utils.c:324:6:LL_SetSystemCoreClock	0	static
../Drivers/STM32F4xx_HAL_Driver/Src/stm32f4xx_ll_utils.c:339:13:LL_SetFlashLatency	0	static
../Drivers/STM32F4xx_HAL_Driver/Src/stm32f4xx_ll_utils.c:484:13:LL_PLL_ConfigSystemClock_HSI	20	static
../Drivers/STM32F4xx_HAL_Driver/Src/stm32f4xx_ll_utils.c:541:13:LL_PLL_ConfigSystemClock_HSE	24	static
