../Drivers/STM32F4xx_HAL_Driver/Inc/stm32f4xx_ll_bus.h:411:22:LL_AHB1_GRP1_EnableClock	24	static
../Drivers/STM32F4xx_HAL_Driver/Inc/stm32f4xx_ll_gpio.h:882:22:LL_GPIO_SetOutputPin	16	static
../Drivers/STM32F4xx_HAL_Driver/Inc/stm32f4xx_ll_gpio.h:911:22:LL_GPIO_ResetOutputPin	16	static
../Core/Src/ILI9341.c:3:13:ILI9341_Init	16	static
../Core/Src/ILI9341.c:86:20:WriteCmd_8080	16	static
../Core/Src/ILI9341.c:93:20:WriteData_8080	16	static
../Core/Src/ILI9341.c:101:13:FastFill_8080_8Bit_565	96	static
../Core/Src/ILI9341.c:126:20:WriteMem_8080_8Bit_565	24	static
../Core/Src/ILI9341.c:142:13:ILI9341_DispOn	16	static
../Core/Src/ILI9341.c:146:13:ILI9341_DispOff	16	static
../Core/Src/ILI9341.c:151:13:ILI9341_SetWindow	24	static
../Core/Src/ILI9341.c:167:13:ILI9341_SetCursor	16	static
../Core/Src/ILI9341.c:180:6:SetScrollArea	24	static
../Core/Src/ILI9341.c:193:6:ScrollOnce	16	static
../Core/Src/ILI9341.c:212:13:DispRectangle	48	static
../Core/Src/ILI9341.c:242:16:DispChar	48	static
../Core/Src/ILI9341.c:290:13:DispStr	48	static
../Core/Src/ILI9341.c:345:16:CreateILI9341_8080_8Bit	192	static
