core_cm4.h:1676:26:__NVIC_GetPriorityGrouping	4	static
core_cm4.h:1688:22:__NVIC_EnableIRQ	16	static
core_cm4.h:1816:22:__NVIC_SetPriority	16	static
core_cm4.h:1863:26:NVIC_EncodePriority	40	static
stm32f4xx_ll_bus.h:411:22:LL_AHB1_GRP1_EnableClock	24	static
stm32f4xx_ll_system.h:670:22:LL_SYSCFG_SetEXTISource	24	static,ignoring_inline_asm
stm32f4xx_ll_exti.h:835:26:LL_EXTI_IsActiveFlag_0_31	16	static
stm32f4xx_ll_exti.h:911:22:LL_EXTI_ClearFlag_0_31	16	static
stm32f4xx_ll_gpio.h:274:22:LL_GPIO_SetPinMode	40	static,ignoring_inline_asm
stm32f4xx_ll_gpio.h:485:22:LL_GPIO_SetPinPull	40	static,ignoring_inline_asm
Interrupt.c:57:6:EXTIConfig	16	static
Interrupt.c:101:6:EXTI1_IRQHandler	8	static
Interrupt.c:111:6:EXTI2_IRQHandler	8	static
Interrupt.c:121:6:EXTI3_IRQHandler	8	static
Interrupt.c:132:6:EXTI4_IRQHandler	8	static
