../Drivers/STM32F4xx_HAL_Driver/Inc/stm32f4xx_ll_usart.h:411:22:LL_USART_Enable	16	static
../Drivers/STM32F4xx_HAL_Driver/Inc/stm32f4xx_ll_usart.h:1480:22:LL_USART_ConfigAsyncMode	16	static
../Drivers/STM32F4xx_HAL_Driver/Inc/stm32f4xx_ll_usart.h:1815:26:LL_USART_IsActiveFlag_TXE	16	static
../Drivers/STM32F4xx_HAL_Driver/Inc/stm32f4xx_ll_usart.h:2427:22:LL_USART_TransmitData8	16	static
../Drivers/STM32F4xx_HAL_Driver/Inc/stm32f4xx_ll_bus.h:411:22:LL_AHB1_GRP1_EnableClock	24	static
../Drivers/STM32F4xx_HAL_Driver/Inc/stm32f4xx_ll_bus.h:1706:22:LL_APB2_GRP1_EnableClock	24	static
../Drivers/STM32F4xx_HAL_Driver/Inc/stm32f4xx_ll_gpio.h:911:22:LL_GPIO_ResetOutputPin	16	static
../Core/Src/JQ8900.c:4:13:UART_WriteCmdData	64	dynamic
../Core/Src/JQ8900.c:24:13:UART_PlayStart	24	static
../Core/Src/JQ8900.c:28:13:UART_PlayPause	24	static
../Core/Src/JQ8900.c:32:13:UART_PlayStop	24	static
../Core/Src/JQ8900.c:36:13:UART_PlayPrevious	24	static
../Core/Src/JQ8900.c:40:13:UART_PlayNext	24	static
../Core/Src/JQ8900.c:44:13:UART_PlaySelect	24	static
../Core/Src/JQ8900.c:48:13:UART_PlayCombine	32	static
../Core/Src/JQ8900.c:57:13:UART_IncreaseVolume	16	static
../Core/Src/JQ8900.c:61:13:UART_ReduceVolume	16	static
../Core/Src/JQ8900.c:65:13:UART_SetVolume	24	static
../Core/Src/JQ8900.c:71:15:CreateJQ8900_UART	152	static
